../Core/Src/main.c:107:9:findPinMap	24	static
../Core/Src/main.c:117:6:disableAllPins	16	static
../Core/Src/main.c:127:6:enableAllPins	16	static
../Core/Src/main.c:137:6:turnColumnsOff	16	static
../Core/Src/main.c:145:6:flickerOn	16	static
../Core/Src/main.c:158:6:turnOnAndOffAllByLayerUpAndDownNotTimed	32	static
../Core/Src/main.c:188:6:turnOnAndOffAllByColumnSideways	88	static
../Core/Src/main.c:299:6:layerstompUpAndDown	40	static
../Core/Src/main.c:337:6:flickerOff	16	static
../Core/Src/main.c:349:6:aroundEdgeDown	16	static
../Core/Src/main.c:415:6:diagonalRectangle	56	static
../Core/Src/main.c:511:6:propeller	24	static
../Core/Src/main.c:575:6:spiralInAndOut	16	static
../Core/Src/main.c:713:6:goThroughAllLedsOneAtATime	48	static
../Core/Src/main.c:780:5:main	8	static
../Core/Src/main.c:847:6:SystemClock_Config	88	static
../Core/Src/main.c:893:13:MX_TIM3_Init	32	static
../Core/Src/main.c:938:13:MX_USART1_UART_Init	8	static
../Core/Src/main.c:971:13:MX_GPIO_Init	48	static
../Core/Src/main.c:1034:6:HAL_UART_RxCpltCallback	16	static
../Core/Src/main.c:1063:6:Error_Handler	4	static,ignoring_inline_asm
